2026-05-08 00:16:03 | INFO     | exchanges.hyperliquid_ws | price:AAVE = 92.39
2026-05-08 00:16:03 | INFO     | exchanges.hyperliquid_ws | price:ACE = 0.13
2026-05-08 00:16:03 | INFO     | exchanges.hyperliquid_ws | price:ADA = 0.26
2026-05-08 00:16:03 | INFO     | exchanges.hyperliquid_ws | price:AERO = 0.45
2026-05-08 00:16:03 | INFO     | exchanges.hyperliquid_ws | price:AI = 0.13
2026-05-08 00:16:03 | INFO     | exchanges.hyperliquid_ws | price:AI16Z = 0.06
2026-05-08 00:16:03 | INFO     | exchanges.hyperliquid_ws | price:AIXBT = 0.03
2026-05-08 00:16:03 | INFO     | exchanges.hyperliquid_ws | price:ALGO = 0.13
2026-05-08 00:16:03 | INFO     | exchanges.hyperliquid_ws | price:ALT = 0.01
2026-05-08 00:16:03 | INFO     | exchanges.hyperliquid_ws | price:ANIME = 0.00
2026-05-08 00:16:03 | INFO     | exchanges.hyperliquid_ws | price:APE = 0.16
2026-05-08 00:16:03 | INFO     | exchanges.hyperliquid_ws | price:APEX = 0.29
2026-05-08 00:16:03 | INFO     | exchanges.hyperliquid_ws | price:APT = 1.02
2026-05-08 00:16:03 | INFO     | exchanges.hyperliquid_ws | price:AR = 2.43
2026-05-08 00:16:03 | INFO     | exchanges.hyperliquid_ws | price:ARB = 0.13
2026-05-08 00:16:03 | INFO     | exchanges.hyperliquid_ws | price:ARK = 0.18
2026-05-08 00:16:03 | INFO     | exchanges.hyperliquid_ws | price:ASTER = 0.66
2026-05-08 00:16:03 | INFO     | exchanges.hyperliquid_ws | price:ATOM = 1.88
2026-05-08 00:16:03 | INFO     | exchanges.hyperliquid_ws | price:AVAX = 9.48
2026-05-08 00:16:03 | INFO     | exchanges.hyperliquid_ws | price:AVNT = 0.16
2026-05-08 00:16:03 | INFO     | exchanges.hyperliquid_ws | price:AXS = 1.37
2026-05-08 00:16:03 | INFO     | exchanges.hyperliquid_ws | price:AZTEC = 0.02
2026-05-08 00:16:03 | INFO     | exchanges.hyperliquid_ws | price:BABY = 0.02
2026-05-08 00:16:03 | INFO     | exchanges.hyperliquid_ws | price:BADGER = 0.89
2026-05-08 00:16:03 | INFO     | exchanges.hyperliquid_ws | price:BANANA = 4.27
2026-05-08 00:16:03 | INFO     | exchanges.hyperliquid_ws | price:BCH = 450.17
2026-05-08 00:16:03 | INFO     | exchanges.hyperliquid_ws | price:BERA = 0.38
2026-05-08 00:16:03 | INFO     | exchanges.hyperliquid_ws | price:BIGTIME = 0.01
2026-05-08 00:16:03 | INFO     | exchanges.hyperliquid_ws | price:BIO = 0.05
2026-05-08 00:16:03 | INFO     | exchanges.hyperliquid_ws | price:BLAST = 0.00
2026-05-08 00:16:03 | INFO     | exchanges.hyperliquid_ws | price:BLUR = 0.03
2026-05-08 00:16:03 | INFO     | exchanges.hyperliquid_ws | price:BLZ = 0.07
2026-05-08 00:16:03 | INFO     | exchanges.hyperliquid_ws | price:BNB = 636.10
2026-05-08 00:16:03 | INFO     | exchanges.hyperliquid_ws | price:BNT = 0.38
2026-05-08 00:16:03 | INFO     | exchanges.hyperliquid_ws | price:BOME = 0.00
2026-05-08 00:16:03 | INFO     | exchanges.hyperliquid_ws | price:BRETT = 0.01
2026-05-08 00:16:03 | INFO     | exchanges.hyperliquid_ws | price:BSV = 15.97
2026-05-08 00:16:03 | INFO     | exchanges.hyperliquid_ws | price:BTC = 79952.50
2026-05-08 00:16:03 | INFO     | exchanges.hyperliquid_ws | price:CAKE = 1.51
2026-05-08 00:16:03 | INFO     | exchanges.hyperliquid_ws | price:CANTO = 0.07
2026-05-08 00:16:03 | INFO     | exchanges.hyperliquid_ws | price:CATI = 0.08
2026-05-08 00:16:03 | INFO     | exchanges.hyperliquid_ws | price:CC = 0.14
2026-05-08 00:16:03 | INFO     | exchanges.hyperliquid_ws | price:CELO = 0.09
2026-05-08 00:16:03 | INFO     | exchanges.hyperliquid_ws | price:CFX = 0.06
2026-05-08 00:16:03 | INFO     | exchanges.hyperliquid_ws | price:CHILLGUY = 0.02
2026-05-08 00:16:03 | INFO     | exchanges.hyperliquid_ws | price:CHIP = 0.06
2026-05-08 00:16:03 | INFO     | exchanges.hyperliquid_ws | price:COMP = 22.87
2026-05-08 00:16:03 | INFO     | exchanges.hyperliquid_ws | price:CRV = 0.24
2026-05-08 00:16:03 | INFO     | exchanges.hyperliquid_ws | price:CYBER = 1.04
2026-05-08 00:16:03 | INFO     | exchanges.hyperliquid_ws | price:DASH = 51.40
2026-05-08 00:16:03 | INFO     | exchanges.hyperliquid_ws | price:DOGE = 0.11
2026-05-08 00:16:03 | INFO     | exchanges.hyperliquid_ws | price:DOOD = 0.00
2026-05-08 00:16:03 | INFO     | exchanges.hyperliquid_ws | price:DOT = 1.31
2026-05-08 00:16:03 | INFO     | exchanges.hyperliquid_ws | price:DYDX = 0.20
2026-05-08 00:16:03 | INFO     | exchanges.hyperliquid_ws | price:DYM = 0.02
2026-05-08 00:16:03 | INFO     | exchanges.hyperliquid_ws | price:EIGEN = 0.19
2026-05-08 00:16:03 | INFO     | exchanges.hyperliquid_ws | price:ENA = 0.12
2026-05-08 00:16:03 | INFO     | exchanges.hyperliquid_ws | price:ENS = 6.41
2026-05-08 00:16:03 | INFO     | exchanges.hyperliquid_ws | price:ETC = 9.21
2026-05-08 00:16:03 | INFO     | exchanges.hyperliquid_ws | price:ETH = 2290.05
2026-05-08 00:16:03 | INFO     | exchanges.hyperliquid_ws | price:ETHFI = 0.43
2026-05-08 00:16:03 | INFO     | exchanges.hyperliquid_ws | price:FARTCOIN = 0.24
2026-05-08 00:16:03 | INFO     | exchanges.hyperliquid_ws | price:FET = 0.22
2026-05-08 00:16:03 | INFO     | exchanges.hyperliquid_ws | price:FIL = 1.08
2026-05-08 00:16:03 | INFO     | exchanges.hyperliquid_ws | price:FOGO = 0.02
2026-05-08 00:16:03 | INFO     | exchanges.hyperliquid_ws | price:FRIEND = 4.72
2026-05-08 00:16:03 | INFO     | exchanges.hyperliquid_ws | price:FTM = 0.72
2026-05-08 00:16:03 | INFO     | exchanges.hyperliquid_ws | price:FTT = 0.32
2026-05-08 00:16:03 | INFO     | exchanges.hyperliquid_ws | price:FXS = 0.66
2026-05-08 00:16:03 | INFO     | exchanges.hyperliquid_ws | price:GALA = 0.00
2026-05-08 00:16:03 | INFO     | exchanges.hyperliquid_ws | price:GAS = 1.66
2026-05-08 00:16:03 | INFO     | exchanges.hyperliquid_ws | price:GMT = 0.01
2026-05-08 00:16:03 | INFO     | exchanges.hyperliquid_ws | price:GMX = 7.19
2026-05-08 00:16:03 | INFO     | exchanges.hyperliquid_ws | price:GOAT = 0.02
2026-05-08 00:16:03 | INFO     | exchanges.hyperliquid_ws | price:GRASS = 0.37
2026-05-08 00:16:03 | INFO     | exchanges.hyperliquid_ws | price:GRIFFAIN = 0.01
2026-05-08 00:16:03 | INFO     | exchanges.hyperliquid_ws | price:HBAR = 0.09
2026-05-08 00:16:03 | INFO     | exchanges.hyperliquid_ws | price:HEMI = 0.01
2026-05-08 00:16:03 | INFO     | exchanges.hyperliquid_ws | price:HMSTR = 0.00
2026-05-08 00:16:03 | INFO     | exchanges.hyperliquid_ws | price:HPOS = 0.04
2026-05-08 00:16:03 | INFO     | exchanges.hyperliquid_ws | price:HYPE = 42.54
2026-05-08 00:16:03 | INFO     | exchanges.hyperliquid_ws | price:HYPER = 0.11
2026-05-08 00:16:03 | INFO     | exchanges.hyperliquid_ws | price:ICP = 3.03
2026-05-08 00:16:03 | INFO     | exchanges.hyperliquid_ws | price:ILV = 12.12
2026-05-08 00:16:03 | INFO     | exchanges.hyperliquid_ws | price:IMX = 0.17
2026-05-08 00:16:03 | INFO     | exchanges.hyperliquid_ws | price:INIT = 0.11
2026-05-08 00:16:03 | INFO     | exchanges.hyperliquid_ws | price:INJ = 3.84
2026-05-08 00:16:03 | INFO     | exchanges.hyperliquid_ws | price:IO = 0.16
2026-05-08 00:16:03 | INFO     | exchanges.hyperliquid_ws | price:IOTA = 0.06
2026-05-08 00:16:03 | INFO     | exchanges.hyperliquid_ws | price:IP = 0.55
2026-05-08 00:16:03 | INFO     | exchanges.hyperliquid_ws | price:JELLY = 0.04
2026-05-08 00:16:03 | INFO     | exchanges.hyperliquid_ws | price:JTO = 0.60
2026-05-08 00:16:03 | INFO     | exchanges.hyperliquid_ws | price:JUP = 0.21
2026-05-08 00:16:03 | INFO     | exchanges.hyperliquid_ws | price:KAITO = 0.51
2026-05-08 00:16:03 | INFO     | exchanges.hyperliquid_ws | price:KAS = 0.04
2026-05-08 00:16:03 | INFO     | exchanges.hyperliquid_ws | price:LAUNCHCOIN = 0.06
2026-05-08 00:16:03 | INFO     | exchanges.hyperliquid_ws | price:LAYER = 0.09
2026-05-08 00:16:03 | INFO     | exchanges.hyperliquid_ws | price:LDO = 0.38
2026-05-08 00:16:03 | INFO     | exchanges.hyperliquid_ws | price:LINEA = 0.00
2026-05-08 00:16:03 | INFO     | exchanges.hyperliquid_ws | price:LINK = 9.84
2026-05-08 00:16:03 | INFO     | exchanges.hyperliquid_ws | price:LISTA = 0.12
2026-05-08 00:16:03 | INFO     | exchanges.hyperliquid_ws | price:LIT = 0.99
2026-05-08 00:16:03 | INFO     | exchanges.hyperliquid_ws | price:LOOM = 0.07
2026-05-08 00:16:03 | INFO     | exchanges.hyperliquid_ws | price:LTC = 56.45
2026-05-08 00:16:03 | INFO     | exchanges.hyperliquid_ws | price:MANTA = 0.07
2026-05-08 00:16:03 | INFO     | exchanges.hyperliquid_ws | price:MATIC = 0.38
2026-05-08 00:16:03 | INFO     | exchanges.hyperliquid_ws | price:MAV = 0.02
2026-05-08 00:16:03 | INFO     | exchanges.hyperliquid_ws | price:MAVIA = 0.04
2026-05-08 00:16:03 | INFO     | exchanges.hyperliquid_ws | price:ME = 0.11
2026-05-08 00:16:03 | INFO     | exchanges.hyperliquid_ws | price:MEGA = 0.12
2026-05-08 00:16:03 | INFO     | exchanges.hyperliquid_ws | price:MELANIA = 0.11
2026-05-08 00:16:03 | INFO     | exchanges.hyperliquid_ws | price:MEME = 0.00
2026-05-08 00:16:03 | INFO     | exchanges.hyperliquid_ws | price:MERL = 0.04
2026-05-08 00:16:03 | INFO     | exchanges.hyperliquid_ws | price:MET = 0.17
2026-05-08 00:16:03 | INFO     | exchanges.hyperliquid_ws | price:MEW = 0.00
2026-05-08 00:16:03 | INFO     | exchanges.hyperliquid_ws | price:MINA = 0.06
2026-05-08 00:16:03 | INFO     | exchanges.hyperliquid_ws | price:MKR = 1831.50
2026-05-08 00:16:03 | INFO     | exchanges.hyperliquid_ws | price:MNT = 0.66
2026-05-08 00:16:03 | INFO     | exchanges.hyperliquid_ws | price:MON = 0.03
2026-05-08 00:16:03 | INFO     | exchanges.hyperliquid_ws | price:MOODENG = 0.06
2026-05-08 00:16:03 | INFO     | exchanges.hyperliquid_ws | price:MORPHO = 2.10
2026-05-08 00:16:03 | INFO     | exchanges.hyperliquid_ws | price:MOVE = 0.02
2026-05-08 00:16:03 | INFO     | exchanges.hyperliquid_ws | price:MYRO = 0.02
2026-05-08 00:16:03 | INFO     | exchanges.hyperliquid_ws | price:NEAR = 1.47
2026-05-08 00:16:03 | INFO     | exchanges.hyperliquid_ws | price:NEIROETH = 0.02
2026-05-08 00:16:03 | INFO     | exchanges.hyperliquid_ws | price:NEO = 2.93
2026-05-08 00:16:03 | INFO     | exchanges.hyperliquid_ws | price:NFTI = 6.56
2026-05-08 00:16:03 | INFO     | exchanges.hyperliquid_ws | price:NIL = 0.10
2026-05-08 00:16:03 | INFO     | exchanges.hyperliquid_ws | price:NOT = 0.00
2026-05-08 00:16:03 | INFO     | exchanges.hyperliquid_ws | price:NTRN = 0.12
2026-05-08 00:16:03 | INFO     | exchanges.hyperliquid_ws | price:NXPC = 0.33
2026-05-08 00:16:03 | INFO     | exchanges.hyperliquid_ws | price:OGN = 0.06
2026-05-08 00:16:03 | INFO     | exchanges.hyperliquid_ws | price:OM = 0.07
2026-05-08 00:16:03 | INFO     | exchanges.hyperliquid_ws | price:OMNI = 4.19
2026-05-08 00:16:03 | INFO     | exchanges.hyperliquid_ws | price:ONDO = 0.35
2026-05-08 00:16:03 | INFO     | exchanges.hyperliquid_ws | price:OP = 0.15
2026-05-08 00:16:03 | INFO     | exchanges.hyperliquid_ws | price:ORBS = 0.02
2026-05-08 00:16:03 | INFO     | exchanges.hyperliquid_ws | price:ORDI = 5.11
2026-05-08 00:16:03 | INFO     | exchanges.hyperliquid_ws | price:OX = 0.01
2026-05-08 00:16:03 | INFO     | exchanges.hyperliquid_ws | price:PANDORA = 3026.30
2026-05-08 00:16:03 | INFO     | exchanges.hyperliquid_ws | price:PAXG = 4684.25
2026-05-08 00:16:03 | INFO     | exchanges.hyperliquid_ws | price:PENDLE = 1.87
2026-05-08 00:16:03 | INFO     | exchanges.hyperliquid_ws | price:PENGU = 0.01
2026-05-08 00:16:03 | INFO     | exchanges.hyperliquid_ws | price:PEOPLE = 0.01
2026-05-08 00:16:03 | INFO     | exchanges.hyperliquid_ws | price:PIXEL = 0.02
2026-05-08 00:16:03 | INFO     | exchanges.hyperliquid_ws | price:PNUT = 0.06
2026-05-08 00:16:03 | INFO     | exchanges.hyperliquid_ws | price:POL = 0.10
2026-05-08 00:16:03 | INFO     | exchanges.hyperliquid_ws | price:POLYX = 0.05
2026-05-08 00:16:03 | INFO     | exchanges.hyperliquid_ws | price:POPCAT = 0.07
2026-05-08 00:16:03 | INFO     | exchanges.hyperliquid_ws | price:PROMPT = 0.04
2026-05-08 00:16:03 | INFO     | exchanges.hyperliquid_ws | price:PROVE = 0.27
2026-05-08 00:16:03 | INFO     | exchanges.hyperliquid_ws | price:PUMP = 0.00
2026-05-08 00:16:03 | INFO     | exchanges.hyperliquid_ws | price:PURR = 0.07
2026-05-08 00:16:03 | INFO     | exchanges.hyperliquid_ws | price:PURR/USDC = 0.07
2026-05-08 00:16:03 | INFO     | exchanges.hyperliquid_ws | price:PYTH = 0.05
2026-05-08 00:16:03 | INFO     | exchanges.hyperliquid_ws | price:RDNT = 0.02
2026-05-08 00:16:03 | INFO     | exchanges.hyperliquid_ws | price:RENDER = 1.94
2026-05-08 00:16:03 | INFO     | exchanges.hyperliquid_ws | price:REQ = 0.15
2026-05-08 00:16:03 | INFO     | exchanges.hyperliquid_ws | price:RESOLV = 0.03
2026-05-08 00:16:03 | INFO     | exchanges.hyperliquid_ws | price:REZ = 0.01
2026-05-08 00:16:03 | INFO     | exchanges.hyperliquid_ws | price:RLB = 0.07
2026-05-08 00:16:03 | INFO     | exchanges.hyperliquid_ws | price:RNDR = 6.90
2026-05-08 00:16:03 | INFO     | exchanges.hyperliquid_ws | price:RSR = 0.00
2026-05-08 00:16:03 | INFO     | exchanges.hyperliquid_ws | price:RUNE = 0.56
2026-05-08 00:16:03 | INFO     | exchanges.hyperliquid_ws | price:S = 0.05
2026-05-08 00:16:03 | INFO     | exchanges.hyperliquid_ws | price:SAGA = 0.02
2026-05-08 00:16:03 | INFO     | exchanges.hyperliquid_ws | price:SAND = 0.08
2026-05-08 00:16:03 | INFO     | exchanges.hyperliquid_ws | price:SCR = 0.05
2026-05-08 00:16:03 | INFO     | exchanges.hyperliquid_ws | price:SEI = 0.06
2026-05-08 00:16:03 | INFO     | exchanges.hyperliquid_ws | price:SHIA = 0.00
2026-05-08 00:16:03 | INFO     | exchanges.hyperliquid_ws | price:SKR = 0.02
2026-05-08 00:16:03 | INFO     | exchanges.hyperliquid_ws | price:SKY = 0.08
2026-05-08 00:16:03 | INFO     | exchanges.hyperliquid_ws | price:SNX = 0.34
2026-05-08 00:16:03 | INFO     | exchanges.hyperliquid_ws | price:SOL = 88.22
2026-05-08 00:16:03 | INFO     | exchanges.hyperliquid_ws | price:SOPH = 0.01
2026-05-08 00:16:03 | INFO     | exchanges.hyperliquid_ws | price:SPX = 0.41
2026-05-08 00:16:03 | INFO     | exchanges.hyperliquid_ws | price:STABLE = 0.03
2026-05-08 00:16:03 | INFO     | exchanges.hyperliquid_ws | price:STBL = 0.04
2026-05-08 00:16:03 | INFO     | exchanges.hyperliquid_ws | price:STG = 0.15
2026-05-08 00:16:03 | INFO     | exchanges.hyperliquid_ws | price:STRAX = 1.58
2026-05-08 00:16:03 | INFO     | exchanges.hyperliquid_ws | price:STRK = 0.05
2026-05-08 00:16:03 | INFO     | exchanges.hyperliquid_ws | price:STX = 0.25
2026-05-08 00:16:03 | INFO     | exchanges.hyperliquid_ws | price:SUI = 0.97
2026-05-08 00:16:03 | INFO     | exchanges.hyperliquid_ws | price:SUPER = 0.13
2026-05-08 00:16:03 | INFO     | exchanges.hyperliquid_ws | price:SUSHI = 0.23
2026-05-08 00:16:03 | INFO     | exchanges.hyperliquid_ws | price:SYRUP = 0.24
2026-05-08 00:16:03 | INFO     | exchanges.hyperliquid_ws | price:TAO = 300.98
2026-05-08 00:16:03 | INFO     | exchanges.hyperliquid_ws | price:TIA = 0.39
2026-05-08 00:16:03 | INFO     | exchanges.hyperliquid_ws | price:TNSR = 0.04
2026-05-08 00:16:03 | INFO     | exchanges.hyperliquid_ws | price:TON = 2.70
2026-05-08 00:16:03 | INFO     | exchanges.hyperliquid_ws | price:TRB = 19.73
2026-05-08 00:16:03 | INFO     | exchanges.hyperliquid_ws | price:TRUMP = 2.37
2026-05-08 00:16:03 | INFO     | exchanges.hyperliquid_ws | price:TRX = 0.35
2026-05-08 00:16:03 | INFO     | exchanges.hyperliquid_ws | price:TST = 0.03
2026-05-08 00:16:03 | INFO     | exchanges.hyperliquid_ws | price:TURBO = 0.00
2026-05-08 00:16:03 | INFO     | exchanges.hyperliquid_ws | price:UMA = 0.50
2026-05-08 00:16:03 | INFO     | exchanges.hyperliquid_ws | price:UNI = 3.42
2026-05-08 00:16:03 | INFO     | exchanges.hyperliquid_ws | price:UNIBOT = 7.64
2026-05-08 00:16:03 | INFO     | exchanges.hyperliquid_ws | price:USTC = 0.01
2026-05-08 00:16:03 | INFO     | exchanges.hyperliquid_ws | price:USUAL = 0.02
2026-05-08 00:16:03 | INFO     | exchanges.hyperliquid_ws | price:VINE = 0.02
2026-05-08 00:16:03 | INFO     | exchanges.hyperliquid_ws | price:VIRTUAL = 0.91
2026-05-08 00:16:03 | INFO     | exchanges.hyperliquid_ws | price:VVV = 12.50
2026-05-08 00:16:03 | INFO     | exchanges.hyperliquid_ws | price:W = 0.01
2026-05-08 00:16:03 | INFO     | exchanges.hyperliquid_ws | price:WCT = 0.07
2026-05-08 00:16:03 | INFO     | exchanges.hyperliquid_ws | price:WIF = 0.22
2026-05-08 00:16:03 | INFO     | exchanges.hyperliquid_ws | price:WLD = 0.25
2026-05-08 00:16:03 | INFO     | exchanges.hyperliquid_ws | price:WLFI = 0.07
2026-05-08 00:16:03 | INFO     | exchanges.hyperliquid_ws | price:XAI = 0.01
2026-05-08 00:16:03 | INFO     | exchanges.hyperliquid_ws | price:XLM = 0.16
2026-05-08 00:16:03 | INFO     | exchanges.hyperliquid_ws | price:XMR = 397.94
2026-05-08 00:16:03 | INFO     | exchanges.hyperliquid_ws | price:XPL = 0.11
2026-05-08 00:16:03 | INFO     | exchanges.hyperliquid_ws | price:XRP = 1.39
2026-05-08 00:16:03 | INFO     | exchanges.hyperliquid_ws | price:YGG = 0.04
2026-05-08 00:16:03 | INFO     | exchanges.hyperliquid_ws | price:YZY = 0.31
2026-05-08 00:16:03 | INFO     | exchanges.hyperliquid_ws | price:ZEC = 569.59
2026-05-08 00:16:03 | INFO     | exchanges.hyperliquid_ws | price:ZEN = 7.04
2026-05-08 00:16:03 | INFO     | exchanges.hyperliquid_ws | price:ZEREBRO = 0.03
2026-05-08 00:16:03 | INFO     | exchanges.hyperliquid_ws | price:ZETA = 0.06
2026-05-08 00:16:03 | INFO     | exchanges.hyperliquid_ws | price:ZK = 0.02
2026-05-08 00:16:03 | INFO     | exchanges.hyperliquid_ws | price:ZORA = 0.01
2026-05-08 00:16:03 | INFO     | exchanges.hyperliquid_ws | price:ZRO = 1.50
2026-05-08 00:16:03 | INFO     | exchanges.hyperliquid_ws | price:kBONK = 0.01
2026-05-08 00:16:03 | INFO     | exchanges.hyperliquid_ws | price:kDOGS = 0.14
2026-05-08 00:16:03 | INFO     | exchanges.hyperliquid_ws | price:kFLOKI = 0.03
2026-05-08 00:16:03 | INFO     | exchanges.hyperliquid_ws | price:kLUNC = 0.09
2026-05-08 00:16:03 | INFO     | exchanges.hyperliquid_ws | price:kNEIRO = 0.10
2026-05-08 00:16:03 | INFO     | exchanges.hyperliquid_ws | price:kPEPE = 0.00
2026-05-08 00:16:03 | INFO     | exchanges.hyperliquid_ws | price:kSHIB = 0.01
2026-05-08 00:16:03 | INFO     | exchanges.hyperliquid_ws | ctx:BTC funding=0.000013 oi=31376.07
2026-05-08 00:16:03 | INFO     | exchanges.hyperliquid_ws | ctx:ETH funding=0.000013 oi=555350.01
2026-05-08 00:16:03 | INFO     | exchanges.hyperliquid_ws | ctx:SOL funding=-0.000009 oi=3682824.50
2026-05-08 00:16:03 | INFO     | data.candle_builder | CandleBuilder received price: BTC = 79952.50
2026-05-08 00:16:03 | INFO     | core.engine | Processing market event for BTC
2026-05-08 00:16:03 | ERROR    | asyncio | Task exception was never retrieved
future: <Task finished name='Task-418580' coro=<TradingEngine._make_price_callback.<locals>._on_price() done, defined at C:\Users\Braindead\Documents\trading-bot-hyperliquid\src\core\engine.py:387> exception=NameError("name 'liq_notional' is not defined")>
Traceback (most recent call last):
  File "C:\Users\Braindead\Documents\trading-bot-hyperliquid\src\core\engine.py", line 389, in _on_price
    await self._on_market_event(symbol)
  File "C:\Users\Braindead\Documents\trading-bot-hyperliquid\src\core\engine.py", line 451, in _on_market_event
    event = self._build_market_event(symbol)
  File "C:\Users\Braindead\Documents\trading-bot-hyperliquid\src\core\engine.py", line 631, in _build_market_event
    orderbook_largest_ask_wall=ob.largest_ask_wall_price if ob else None,
                            ^^^^^^^^^^^^
NameError: name 'liq_notional' is not defined
2026-05-08 00:16:03 | INFO     | core.engine | Processing market event for ETH
2026-05-08 00:16:03 | ERROR    | asyncio | Task exception was never retrieved
future: <Task finished name='Task-418581' coro=<TradingEngine._make_price_callback.<locals>._on_price() done, defined at C:\Users\Braindead\Documents\trading-bot-hyperliquid\src\core\engine.py:387> exception=NameError("name 'liq_notional' is not defined")>
Traceback (most recent call last):
  File "C:\Users\Braindead\Documents\trading-bot-hyperliquid\src\core\engine.py", line 389, in _on_price
    await self._on_market_event(symbol)
  File "C:\Users\Braindead\Documents\trading-bot-hyperliquid\src\core\engine.py", line 451, in _on_market_event
    event = self._build_market_event(symbol)
  File "C:\Users\Braindead\Documents\trading-bot-hyperliquid\src\core\engine.py", line 631, in _build_market_event
    orderbook_largest_ask_wall=ob.largest_ask_wall_price if ob else None,
                            ^^^^^^^^^^^^
NameError: name 'liq_notional' is not defined
2026-05-08 00:16:03 | INFO     | data.candle_builder | CandleBuilder received price: ETH = 2290.05
2026-05-08 00:16:03 | INFO     | data.candle_builder | CandleBuilder received price: SOL = 88.22
2026-05-08 00:16:03 | INFO     | core.engine | Processing market event for SOL
2026-05-08 00:16:03 | ERROR    | asyncio | Task exception was never retrieved
future: <Task finished name='Task-418584' coro=<TradingEngine._make_price_callback.<locals>._on_price() done, defined at C:\Users\Braindead\Documents\trading-bot-hyperliquid\src\core\engine.py:387> exception=NameError("name 'liq_notional' is not defined")>
Traceback (most recent call last):
  File "C:\Users\Braindead\Documents\trading-bot-hyperliquid\src\core\engine.py", line 389, in _on_price
    await self._on_market_event(symbol)
  File "C:\Users\Braindead\Documents\trading-bot-hyperliquid\src\core\engine.py", line 451, in _on_market_event
    event = self._build_market_event(symbol)
  File "C:\Users\Braindead\Documents\trading-bot-hyperliquid\src\core\engine.py", line 631, in _build_market_event
    orderbook_largest_ask_wall=ob.largest_ask_wall_price if ob else None,
                            ^^^^^^^^^^^^
NameError: name 'liq_notional' is not defined
2026-05-08 00:16:04 | INFO     | exchanges.hyperliquid_ws | price:#50 = 0.19
2026-05-08 00:16:04 | INFO     | exchanges.hyperliquid_ws | price:#51 = 0.81
2026-05-08 00:16:04 | INFO     | exchanges.hyperliquid_ws | price:#60 = 0.50
2026-05-08 00:16:04 | INFO     | exchanges.hyperliquid_ws | price:#61 = 0.50
2026-05-08 00:16:04 | INFO     | exchanges.hyperliquid_ws | price:#70 = 0.20
2026-05-08 00:16:04 | INFO     | exchanges.hyperliquid_ws | price:#71 = 0.80
2026-05-08 00:16:04 | INFO     | exchanges.hyperliquid_ws | price:#80 = 0.80
2026-05-08 00:16:04 | INFO     | exchanges.hyperliquid_ws | price:#81 = 0.20
2026-05-08 00:16:04 | INFO     | exchanges.hyperliquid_ws | price:#90 = 0.02
2026-05-08 00:16:04 | INFO     | exchanges.hyperliquid_ws | price:#91 = 0.98
2026-05-08 00:16:04 | INFO     | exchanges.hyperliquid_ws | price:0G = 0.56
2026-05-08 00:16:04 | INFO     | exchanges.hyperliquid_ws | price:2Z = 0.09
2026-05-08 00:16:04 | INFO     | exchanges.hyperliquid_ws | price:@1 = 10.09
2026-05-08 00:16:04 | INFO     | exchanges.hyperliquid_ws | price:@10 = 0.00
2026-05-08 00:16:04 | INFO     | exchanges.hyperliquid_ws | price:@100 = 0.00
2026-05-08 00:16:04 | INFO     | exchanges.hyperliquid_ws | price:@101 = 0.15
2026-05-08 00:16:04 | INFO     | exchanges.hyperliquid_ws | price:@102 = 0.01
2026-05-08 00:16:04 | INFO     | exchanges.hyperliquid_ws | price:@103 = 0.00
2026-05-08 00:16:04 | INFO     | exchanges.hyperliquid_ws | price:@104 = 0.05
2026-05-08 00:16:04 | INFO     | exchanges.hyperliquid_ws | price:@105 = 0.10
2026-05-08 00:16:04 | INFO     | exchanges.hyperliquid_ws | price:@106 = 0.01
2026-05-08 00:16:04 | INFO     | exchanges.hyperliquid_ws | price:@107 = 42.56
2026-05-08 00:16:04 | INFO     | exchanges.hyperliquid_ws | price:@108 = 0.04
2026-05-08 00:16:04 | INFO     | exchanges.hyperliquid_ws | price:@109 = 0.00
2026-05-08 00:16:04 | INFO     | exchanges.hyperliquid_ws | price:@11 = 0.00
2026-05-08 00:16:04 | INFO     | exchanges.hyperliquid_ws | price:@110 = 0.02
2026-05-08 00:16:04 | INFO     | exchanges.hyperliquid_ws | price:@111 = 0.05
2026-05-08 00:16:04 | INFO     | exchanges.hyperliquid_ws | price:@112 = 0.00
2026-05-08 00:16:04 | INFO     | exchanges.hyperliquid_ws | price:@113 = 0.00
2026-05-08 00:16:04 | INFO     | exchanges.hyperliquid_ws | price:@114 = 0.00
2026-05-08 00:16:04 | INFO     | exchanges.hyperliquid_ws | price:@115 = 0.05
2026-05-08 00:16:04 | INFO     | exchanges.hyperliquid_ws | price:@116 = 0.00
2026-05-08 00:16:04 | INFO     | exchanges.hyperliquid_ws | price:@117 = 0.00
2026-05-08 00:16:04 | INFO     | exchanges.hyperliquid_ws | price:@118 = 0.01
2026-05-08 00:16:04 | INFO     | exchanges.hyperliquid_ws | price:@119 = 0.01
2026-05-08 00:16:04 | INFO     | exchanges.hyperliquid_ws | price:@12 = 0.00
2026-05-08 00:16:04 | INFO     | exchanges.hyperliquid_ws | price:@120 = 0.02
2026-05-08 00:16:04 | INFO     | exchanges.hyperliquid_ws | price:@121 = 0.00
2026-05-08 00:16:04 | INFO     | exchanges.hyperliquid_ws | price:@122 = 0.00
2026-05-08 00:16:04 | INFO     | exchanges.hyperliquid_ws | price:@123 = 0.04
2026-05-08 00:16:04 | INFO     | exchanges.hyperliquid_ws | price:@124 = 0.01
2026-05-08 00:16:04 | INFO     | exchanges.hyperliquid_ws | price:@125 = 0.01
2026-05-08 00:16:04 | INFO     | exchanges.hyperliquid_ws | price:@126 = 0.10
2026-05-08 00:16:04 | INFO     | exchanges.hyperliquid_ws | price:@127 = 0.04
2026-05-08 00:16:04 | INFO     | exchanges.hyperliquid_ws | price:@128 = 0.00
2026-05-08 00:16:04 | INFO     | exchanges.hyperliquid_ws | price:@129 = 0.01
2026-05-08 00:16:04 | INFO     | exchanges.hyperliquid_ws | price:@13 = 0.00
2026-05-08 00:16:04 | INFO     | exchanges.hyperliquid_ws | price:@130 = 0.00
2026-05-08 00:16:04 | INFO     | exchanges.hyperliquid_ws | price:@131 = 0.05
2026-05-08 00:16:04 | INFO     | exchanges.hyperliquid_ws | price:@132 = 0.00
2026-05-08 00:16:04 | INFO     | exchanges.hyperliquid_ws | price:@133 = 0.00
2026-05-08 00:16:04 | INFO     | exchanges.hyperliquid_ws | price:@134 = 0.00
2026-05-08 00:16:04 | INFO     | exchanges.hyperliquid_ws | price:@135 = 0.00
2026-05-08 00:16:04 | INFO     | exchanges.hyperliquid_ws | price:@136 = 0.01
2026-05-08 00:16:04 | INFO     | exchanges.hyperliquid_ws | price:@137 = 0.00
2026-05-08 00:16:04 | INFO     | exchanges.hyperliquid_ws | price:@138 = 0.00
2026-05-08 00:16:04 | INFO     | exchanges.hyperliquid_ws | price:@139 = 0.00
2026-05-08 00:16:04 | INFO     | exchanges.hyperliquid_ws | price:@14 = 0.00
2026-05-08 00:16:04 | INFO     | exchanges.hyperliquid_ws | price:@140 = 0.00
2026-05-08 00:16:04 | INFO     | exchanges.hyperliquid_ws | price:@141 = 0.01
2026-05-08 00:16:04 | INFO     | exchanges.hyperliquid_ws | price:@142 = 79971.50
2026-05-08 00:16:04 | INFO     | exchanges.hyperliquid_ws | price:@143 = 0.00
2026-05-08 00:16:04 | INFO     | exchanges.hyperliquid_ws | price:@144 = 0.00
2026-05-08 00:16:04 | INFO     | exchanges.hyperliquid_ws | price:@145 = 0.00
2026-05-08 00:16:04 | INFO     | exchanges.hyperliquid_ws | price:@146 = 0.00
2026-05-08 00:16:04 | INFO     | exchanges.hyperliquid_ws | price:@147 = 0.00
2026-05-08 00:16:04 | INFO     | exchanges.hyperliquid_ws | price:@148 = 0.00
2026-05-08 00:16:04 | INFO     | exchanges.hyperliquid_ws | price:@149 = 1.00
2026-05-08 00:16:04 | INFO     | exchanges.hyperliquid_ws | price:@15 = 0.00
2026-05-08 00:16:04 | INFO     | exchanges.hyperliquid_ws | price:@150 = 1.00
2026-05-08 00:16:04 | INFO     | exchanges.hyperliquid_ws | price:@151 = 2290.05
2026-05-08 00:16:04 | INFO     | exchanges.hyperliquid_ws | price:@152 = 0.98
2026-05-08 00:16:04 | INFO     | exchanges.hyperliquid_ws | price:@153 = 1.00
2026-05-08 00:16:04 | INFO     | exchanges.hyperliquid_ws | price:@154 = 1.00
2026-05-08 00:16:04 | INFO     | exchanges.hyperliquid_ws | price:@155 = 0.00
2026-05-08 00:16:04 | INFO     | exchanges.hyperliquid_ws | price:@156 = 88.24
2026-05-08 00:16:04 | INFO     | exchanges.hyperliquid_ws | price:@157 = 0.00
2026-05-08 00:16:04 | INFO     | exchanges.hyperliquid_ws | price:@158 = 0.00
2026-05-08 00:16:04 | INFO     | exchanges.hyperliquid_ws | price:@159 = 0.53
2026-05-08 00:16:04 | INFO     | exchanges.hyperliquid_ws | price:@16 = 0.06
2026-05-08 00:16:04 | INFO     | exchanges.hyperliquid_ws | price:@160 = 0.00
2026-05-08 00:16:04 | INFO     | exchanges.hyperliquid_ws | price:@161 = 0.03
2026-05-08 00:16:04 | INFO     | exchanges.hyperliquid_ws | price:@162 = 0.24
2026-05-08 00:16:04 | INFO     | exchanges.hyperliquid_ws | price:@163 = 0.02
2026-05-08 00:16:04 | INFO     | exchanges.hyperliquid_ws | price:@164 = 0.00
2026-05-08 00:16:04 | INFO     | exchanges.hyperliquid_ws | price:@165 = 0.05
2026-05-08 00:16:04 | INFO     | exchanges.hyperliquid_ws | price:@166 = 1.00
2026-05-08 00:16:04 | INFO     | exchanges.hyperliquid_ws | price:@167 = 1.00
2026-05-08 00:16:04 | INFO     | exchanges.hyperliquid_ws | price:@168 = 1.00
2026-05-08 00:16:04 | INFO     | exchanges.hyperliquid_ws | price:@169 = 1.00
2026-05-08 00:16:04 | INFO     | exchanges.hyperliquid_ws | price:@17 = 0.00
2026-05-08 00:16:04 | INFO     | exchanges.hyperliquid_ws | price:@170 = 0.01
2026-05-08 00:16:04 | INFO     | exchanges.hyperliquid_ws | price:@171 = 1.33
2026-05-08 00:16:04 | INFO     | exchanges.hyperliquid_ws | price:@172 = 0.01
2026-05-08 00:16:04 | INFO     | exchanges.hyperliquid_ws | price:@173 = 63900.00
2026-05-08 00:16:04 | INFO     | exchanges.hyperliquid_ws | price:@174 = 0.84
2026-05-08 00:16:04 | INFO     | exchanges.hyperliquid_ws | price:@175 = 0.01
2026-05-08 00:16:04 | INFO     | exchanges.hyperliquid_ws | price:@176 = 0.00
2026-05-08 00:16:04 | INFO     | exchanges.hyperliquid_ws | price:@177 = 0.02
2026-05-08 00:16:04 | INFO     | exchanges.hyperliquid_ws | price:@178 = 0.29
2026-05-08 00:16:04 | INFO     | exchanges.hyperliquid_ws | price:@179 = 0.15
2026-05-08 00:16:04 | INFO     | exchanges.hyperliquid_ws | price:@18 = 0.01
2026-05-08 00:16:04 | INFO     | exchanges.hyperliquid_ws | price:@180 = 1.01
2026-05-08 00:16:04 | INFO     | exchanges.hyperliquid_ws | price:@181 = 1.00
2026-05-08 00:16:04 | INFO     | exchanges.hyperliquid_ws | price:@182 = 4680.35
2026-05-08 00:16:04 | INFO     | exchanges.hyperliquid_ws | price:@183 = 0.01
2026-05-08 00:16:04 | INFO     | exchanges.hyperliquid_ws | price:@184 = 0.01
2026-05-08 00:16:04 | INFO     | exchanges.hyperliquid_ws | price:@185 = 0.00
2026-05-08 00:16:04 | INFO     | exchanges.hyperliquid_ws | price:@186 = 1.00
2026-05-08 00:16:04 | INFO     | exchanges.hyperliquid_ws | price:@187 = 0.00
2026-05-08 00:16:04 | INFO     | exchanges.hyperliquid_ws | price:@188 = 0.00
2026-05-08 00:16:04 | INFO     | exchanges.hyperliquid_ws | price:@189 = 620.00
2026-05-08 00:16:04 | INFO     | exchanges.hyperliquid_ws | price:@19 = 0.01
2026-05-08 00:16:04 | INFO     | exchanges.hyperliquid_ws | price:@190 = 0.00
2026-05-08 00:16:04 | INFO     | exchanges.hyperliquid_ws | price:@191 = 0.00
2026-05-08 00:16:04 | INFO     | exchanges.hyperliquid_ws | price:@192 = 0.00
2026-05-08 00:16:04 | INFO     | exchanges.hyperliquid_ws | price:@193 = 0.42
2026-05-08 00:16:04 | INFO     | exchanges.hyperliquid_ws | price:@194 = 0.00
2026-05-08 00:16:04 | INFO     | exchanges.hyperliquid_ws | price:@195 = 0.00
2026-05-08 00:16:04 | INFO     | exchanges.hyperliquid_ws | price:@196 = 0.00
2026-05-08 00:16:04 | INFO     | exchanges.hyperliquid_ws | price:@197 = 1.00
2026-05-08 00:16:04 | INFO     | exchanges.hyperliquid_ws | price:@198 = 0.08
2026-05-08 00:16:04 | INFO     | exchanges.hyperliquid_ws | price:@199 = 0.01
2026-05-08 00:16:04 | INFO     | exchanges.hyperliquid_ws | price:@2 = 0.00
2026-05-08 00:16:04 | INFO     | exchanges.hyperliquid_ws | price:@20 = 0.00
2026-05-08 00:16:04 | INFO     | exchanges.hyperliquid_ws | price:@200 = 1.72
2026-05-08 00:16:04 | INFO     | exchanges.hyperliquid_ws | price:@201 = 0.00
2026-05-08 00:16:04 | INFO     | exchanges.hyperliquid_ws | price:@202 = 0.00
2026-05-08 00:16:04 | INFO     | exchanges.hyperliquid_ws | price:@203 = 1.00
2026-05-08 00:16:04 | INFO     | exchanges.hyperliquid_ws | price:@204 = 0.05
2026-05-08 00:16:04 | INFO     | exchanges.hyperliquid_ws | price:@205 = 1.02
2026-05-08 00:16:04 | INFO     | exchanges.hyperliquid_ws | price:@206 = 0.12
2026-05-08 00:16:04 | INFO     | exchanges.hyperliquid_ws | price:@207 = 42.49
2026-05-08 00:16:04 | INFO     | exchanges.hyperliquid_ws | price:@208 = 0.01
2026-05-08 00:16:04 | INFO     | exchanges.hyperliquid_ws | price:@209 = 4357.40
2026-05-08 00:16:04 | INFO     | exchanges.hyperliquid_ws | price:@21 = 0.00
2026-05-08 00:16:04 | INFO     | exchanges.hyperliquid_ws | price:@210 = 0.11
2026-05-08 00:16:04 | INFO     | exchanges.hyperliquid_ws | price:@211 = 0.00
2026-05-08 00:16:04 | INFO     | exchanges.hyperliquid_ws | price:@212 = 8.96
2026-05-08 00:16:04 | INFO     | exchanges.hyperliquid_ws | price:@213 = 9.86
2026-05-08 00:16:04 | INFO     | exchanges.hyperliquid_ws | price:@214 = 0.66
2026-05-08 00:16:04 | INFO     | exchanges.hyperliquid_ws | price:@215 = 0.00
2026-05-08 00:16:04 | INFO     | exchanges.hyperliquid_ws | price:@216 = 0.04
2026-05-08 00:16:04 | INFO     | exchanges.hyperliquid_ws | price:@217 = 1.00
2026-05-08 00:16:04 | INFO     | exchanges.hyperliquid_ws | price:@218 = 3.00
2026-05-08 00:16:04 | INFO     | exchanges.hyperliquid_ws | price:@219 = 0.01
2026-05-08 00:16:04 | INFO     | exchanges.hyperliquid_ws | price:@22 = 0.09
2026-05-08 00:16:04 | INFO     | exchanges.hyperliquid_ws | price:@220 = 1.00
2026-05-08 00:16:04 | INFO     | exchanges.hyperliquid_ws | price:@221 = 1.00
2026-05-08 00:16:04 | INFO     | exchanges.hyperliquid_ws | price:@222 = 1.00
2026-05-08 00:16:04 | INFO     | exchanges.hyperliquid_ws | price:@223 = 0.00
2026-05-08 00:16:04 | INFO     | exchanges.hyperliquid_ws | price:@224 = 1.75
2026-05-08 00:16:04 | INFO     | exchanges.hyperliquid_ws | price:@225 = 0.01
2026-05-08 00:16:04 | INFO     | exchanges.hyperliquid_ws | price:@226 = 9.49
2026-05-08 00:16:04 | INFO     | exchanges.hyperliquid_ws | price:@227 = 92.52
2026-05-08 00:16:04 | INFO     | exchanges.hyperliquid_ws | price:@228 = 0.09
2026-05-08 00:16:04 | INFO     | exchanges.hyperliquid_ws | price:@229 = 1.00
2026-05-08 00:16:04 | INFO     | exchanges.hyperliquid_ws | price:@23 = 0.20
2026-05-08 00:16:04 | INFO     | exchanges.hyperliquid_ws | price:@230 = 1.00
2026-05-08 00:16:04 | INFO     | exchanges.hyperliquid_ws | price:@231 = 0.00
2026-05-08 00:16:04 | INFO     | exchanges.hyperliquid_ws | price:@232 = 42.55
2026-05-08 00:16:04 | INFO     | exchanges.hyperliquid_ws | price:@233 = 0.11
2026-05-08 00:16:04 | INFO     | exchanges.hyperliquid_ws | price:@234 = 79958.50
2026-05-08 00:16:04 | INFO     | exchanges.hyperliquid_ws | price:@235 = 2289.95
2026-05-08 00:16:04 | INFO     | exchanges.hyperliquid_ws | price:@236 = 0.98
2026-05-08 00:16:04 | INFO     | exchanges.hyperliquid_ws | price:@237 = 0.00
2026-05-08 00:16:04 | INFO     | exchanges.hyperliquid_ws | price:@238 = 0.09
2026-05-08 00:16:04 | INFO     | exchanges.hyperliquid_ws | price:@239 = 1.00
2026-05-08 00:16:04 | INFO     | exchanges.hyperliquid_ws | price:@24 = 0.00
2026-05-08 00:16:04 | INFO     | exchanges.hyperliquid_ws | price:@240 = 0.00
2026-05-08 00:16:04 | INFO     | exchanges.hyperliquid_ws | price:@241 = 0.00
2026-05-08 00:16:04 | INFO     | exchanges.hyperliquid_ws | price:@242 = 0.02
2026-05-08 00:16:04 | INFO     | exchanges.hyperliquid_ws | price:@243 = 0.03
2026-05-08 00:16:04 | INFO     | exchanges.hyperliquid_ws | price:@244 = 0.81
2026-05-08 00:16:04 | INFO     | exchanges.hyperliquid_ws | price:@245 = 0.00
2026-05-08 00:16:04 | INFO     | exchanges.hyperliquid_ws | price:@246 = 0.00
2026-05-08 00:16:04 | INFO     | exchanges.hyperliquid_ws | price:@247 = 0.02
2026-05-08 00:16:04 | INFO     | exchanges.hyperliquid_ws | price:@248 = 569.55
2026-05-08 00:16:04 | INFO     | exchanges.hyperliquid_ws | price:@249 = 0.02
2026-05-08 00:16:04 | INFO     | exchanges.hyperliquid_ws | price:@25 = 0.00
2026-05-08 00:16:04 | INFO     | exchanges.hyperliquid_ws | price:@250 = 43.31
2026-05-08 00:16:04 | INFO     | exchanges.hyperliquid_ws | price:@251 = 0.02
2026-05-08 00:16:04 | INFO     | exchanges.hyperliquid_ws | price:@252 = 0.07
2026-05-08 00:16:04 | INFO     | exchanges.hyperliquid_ws | price:@253 = 0.76
2026-05-08 00:16:04 | INFO     | exchanges.hyperliquid_ws | price:@254 = 0.17
2026-05-08 00:16:04 | INFO     | exchanges.hyperliquid_ws | price:@255 = 42.57
2026-05-08 00:16:04 | INFO     | exchanges.hyperliquid_ws | price:@256 = 0.04
2026-05-08 00:16:04 | INFO     | exchanges.hyperliquid_ws | price:@257 = 0.10
2026-05-08 00:16:04 | INFO     | exchanges.hyperliquid_ws | price:@258 = 0.03
2026-05-08 00:16:04 | INFO     | exchanges.hyperliquid_ws | price:@259 = 1.00
2026-05-08 00:16:04 | INFO     | exchanges.hyperliquid_ws | price:@26 = 0.00
2026-05-08 00:16:04 | INFO     | exchanges.hyperliquid_ws | price:@260 = 396.88
2026-05-08 00:16:04 | INFO     | exchanges.hyperliquid_ws | price:@261 = 0.00
2026-05-08 00:16:04 | INFO     | exchanges.hyperliquid_ws | price:@262 = 1.00
2026-05-08 00:16:04 | INFO     | exchanges.hyperliquid_ws | price:@263 = 112.79
2026-05-08 00:16:04 | INFO     | exchanges.hyperliquid_ws | price:@264 = 213.50
2026-05-08 00:16:04 | INFO     | exchanges.hyperliquid_ws | price:@265 = 71.23
2026-05-08 00:16:04 | INFO     | exchanges.hyperliquid_ws | price:@266 = 359.15
2026-05-08 00:16:04 | INFO     | exchanges.hyperliquid_ws | price:@267 = 1.39
2026-05-08 00:16:04 | INFO     | exchanges.hyperliquid_ws | price:@268 = 270.31
2026-05-08 00:16:04 | INFO     | exchanges.hyperliquid_ws | price:@269 = 636.18
2026-05-08 00:16:04 | INFO     | exchanges.hyperliquid_ws | price:@27 = 0.00
2026-05-08 00:16:04 | INFO     | exchanges.hyperliquid_ws | price:@270 = 0.18
2026-05-08 00:16:04 | INFO     | exchanges.hyperliquid_ws | price:@271 = 76.01
2026-05-08 00:16:04 | INFO     | exchanges.hyperliquid_ws | price:@272 = 569.80
2026-05-08 00:16:04 | INFO     | exchanges.hyperliquid_ws | price:@273 = 78.00
2026-05-08 00:16:04 | INFO     | exchanges.hyperliquid_ws | price:@274 = 0.00
2026-05-08 00:16:04 | INFO     | exchanges.hyperliquid_ws | price:@275 = 1.39
2026-05-08 00:16:04 | INFO     | exchanges.hyperliquid_ws | price:@276 = 431.83
2026-05-08 00:16:04 | INFO     | exchanges.hyperliquid_ws | price:@277 = 636.83
2026-05-08 00:16:04 | INFO     | exchanges.hyperliquid_ws | price:@278 = 0.00
2026-05-08 00:16:04 | INFO     | exchanges.hyperliquid_ws | price:@279 = 723.06
2026-05-08 00:16:04 | INFO     | exchanges.hyperliquid_ws | price:@28 = 0.00
2026-05-08 00:16:04 | INFO     | exchanges.hyperliquid_ws | price:@280 = 270.39
2026-05-08 00:16:04 | INFO     | exchanges.hyperliquid_ws | price:@281 = 0.00
2026-05-08 00:16:04 | INFO     | exchanges.hyperliquid_ws | price:@282 = 0.04
2026-05-08 00:16:04 | INFO     | exchanges.hyperliquid_ws | price:@283 = 0.06
2026-05-08 00:16:04 | INFO     | exchanges.hyperliquid_ws | price:@284 = 0.01
2026-05-08 00:16:04 | INFO     | exchanges.hyperliquid_ws | price:@285 = 0.02
2026-05-08 00:16:04 | INFO     | exchanges.hyperliquid_ws | price:@286 = 0.06
2026-05-08 00:16:04 | INFO     | exchanges.hyperliquid_ws | price:@287 = 600.22
2026-05-08 00:16:04 | INFO     | exchanges.hyperliquid_ws | price:@288 = 667.20
2026-05-08 00:16:04 | INFO     | exchanges.hyperliquid_ws | price:@289 = 444.62
2026-05-08 00:16:04 | INFO     | exchanges.hyperliquid_ws | price:@29 = 0.02
2026-05-08 00:16:04 | INFO     | exchanges.hyperliquid_ws | price:@290 = 0.90
2026-05-08 00:16:04 | INFO     | exchanges.hyperliquid_ws | price:@291 = 0.00
2026-05-08 00:16:04 | INFO     | exchanges.hyperliquid_ws | price:@292 = 0.03
2026-05-08 00:16:04 | INFO     | exchanges.hyperliquid_ws | price:@293 = 0.22
2026-05-08 00:16:04 | INFO     | exchanges.hyperliquid_ws | price:@294 = 0.01
2026-05-08 00:16:04 | INFO     | exchanges.hyperliquid_ws | price:@295 = 0.02
2026-05-08 00:16:04 | INFO     | exchanges.hyperliquid_ws | price:@296 = 0.11
2026-05-08 00:16:04 | INFO     | exchanges.hyperliquid_ws | price:@297 = 47.22
2026-05-08 00:16:04 | INFO     | exchanges.hyperliquid_ws | price:@298 = 0.00
2026-05-08 00:16:04 | INFO     | exchanges.hyperliquid_ws | price:@299 = 0.01
2026-05-08 00:16:04 | INFO     | exchanges.hyperliquid_ws | price:@3 = 0.00
2026-05-08 00:16:04 | INFO     | exchanges.hyperliquid_ws | price:@30 = 0.00
2026-05-08 00:16:04 | INFO     | exchanges.hyperliquid_ws | price:@300 = 0.02
2026-05-08 00:16:04 | INFO     | exchanges.hyperliquid_ws | price:@301 = 6.12
2026-05-08 00:16:04 | INFO     | exchanges.hyperliquid_ws | price:@302 = 0.01
2026-05-08 00:16:04 | INFO     | exchanges.hyperliquid_ws | price:@303 = 0.56
2026-05-08 00:16:04 | INFO     | exchanges.hyperliquid_ws | price:@304 = 0.00
2026-05-08 00:16:04 | INFO     | exchanges.hyperliquid_ws | price:@305 = 0.09
2026-05-08 00:16:04 | INFO     | exchanges.hyperliquid_ws | price:@306 = 9.76
2026-05-08 00:16:04 | INFO     | exchanges.hyperliquid_ws | price:@307 = 300.52
2026-05-08 00:16:04 | INFO     | exchanges.hyperliquid_ws | price:@308 = 696.15
2026-05-08 00:16:04 | INFO     | exchanges.hyperliquid_ws | price:@309 = 1.00
2026-05-08 00:16:04 | INFO     | exchanges.hyperliquid_ws | price:@31 = 0.00
2026-05-08 00:16:04 | INFO     | exchanges.hyperliquid_ws | price:@310 = 0.14
2026-05-08 00:16:04 | INFO     | exchanges.hyperliquid_ws | price:@32 = 0.00
2026-05-08 00:16:04 | INFO     | exchanges.hyperliquid_ws | price:@33 = 0.00
2026-05-08 00:16:04 | INFO     | exchanges.hyperliquid_ws | price:@34 = 0.00
2026-05-08 00:16:04 | INFO     | exchanges.hyperliquid_ws | price:@35 = 0.04
2026-05-08 00:16:04 | INFO     | exchanges.hyperliquid_ws | price:@36 = 0.00
2026-05-08 00:16:04 | INFO     | exchanges.hyperliquid_ws | price:@37 = 0.00
2026-05-08 00:16:04 | INFO     | exchanges.hyperliquid_ws | price:@38 = 0.00
2026-05-08 00:16:04 | INFO     | exchanges.hyperliquid_ws | price:@39 = 0.00
2026-05-08 00:16:04 | INFO     | exchanges.hyperliquid_ws | price:@4 = 2.19
2026-05-08 00:16:04 | INFO     | exchanges.hyperliquid_ws | price:@40 = 0.00
2026-05-08 00:16:04 | INFO     | exchanges.hyperliquid_ws | price:@41 = 0.01
2026-05-08 00:16:04 | INFO     | exchanges.hyperliquid_ws | price:@42 = 0.00
2026-05-08 00:16:04 | INFO     | exchanges.hyperliquid_ws | price:@43 = 0.00
2026-05-08 00:16:04 | INFO     | exchanges.hyperliquid_ws | price:@44 = 0.00
2026-05-08 00:16:04 | INFO     | exchanges.hyperliquid_ws | price:@45 = 0.00
2026-05-08 00:16:04 | INFO     | exchanges.hyperliquid_ws | price:@46 = 0.00
2026-05-08 00:16:04 | INFO     | exchanges.hyperliquid_ws | price:@47 = 0.01
2026-05-08 00:16:04 | INFO     | exchanges.hyperliquid_ws | price:@48 = 0.00
2026-05-08 00:16:04 | INFO     | exchanges.hyperliquid_ws | price:@49 = 0.00
2026-05-08 00:16:04 | INFO     | exchanges.hyperliquid_ws | price:@5 = 0.68
2026-05-08 00:16:04 | INFO     | exchanges.hyperliquid_ws | price:@50 = 0.03
2026-05-08 00:16:04 | INFO     | exchanges.hyperliquid_ws | price:@51 = 0.50
2026-05-08 00:16:04 | INFO     | exchanges.hyperliquid_ws | price:@52 = 0.03
2026-05-08 00:16:04 | INFO     | exchanges.hyperliquid_ws | price:@53 = 0.00
2026-05-08 00:16:04 | INFO     | exchanges.hyperliquid_ws | price:@54 = 0.03
2026-05-08 00:16:04 | INFO     | exchanges.hyperliquid_ws | price:@55 = 0.02
2026-05-08 00:16:04 | INFO     | exchanges.hyperliquid_ws | price:@56 = 0.04
2026-05-08 00:16:04 | INFO     | exchanges.hyperliquid_ws | price:@57 = 0.05
2026-05-08 00:16:04 | INFO     | exchanges.hyperliquid_ws | price:@58 = 0.04
2026-05-08 00:16:04 | INFO     | exchanges.hyperliquid_ws | price:@59 = 0.73
2026-05-08 00:16:04 | INFO     | exchanges.hyperliquid_ws | price:@6 = 0.00
2026-05-08 00:16:04 | INFO     | exchanges.hyperliquid_ws | price:@60 = 0.04
2026-05-08 00:16:04 | INFO     | exchanges.hyperliquid_ws | price:@61 = 0.00
2026-05-08 00:16:04 | INFO     | exchanges.hyperliquid_ws | price:@62 = 0.04
2026-05-08 00:16:04 | INFO     | exchanges.hyperliquid_ws | price:@63 = 0.05
2026-05-08 00:16:04 | INFO     | exchanges.hyperliquid_ws | price:@64 = 0.07
2026-05-08 00:16:04 | INFO     | exchanges.hyperliquid_ws | price:@65 = 0.05
2026-05-08 00:16:04 | INFO     | exchanges.hyperliquid_ws | price:@66 = 0.00
2026-05-08 00:16:04 | INFO     | exchanges.hyperliquid_ws | price:@67 = 0.05
2026-05-08 00:16:04 | INFO     | exchanges.hyperliquid_ws | price:@68 = 0.12
2026-05-08 00:16:04 | INFO     | exchanges.hyperliquid_ws | price:@69 = 0.42
2026-05-08 00:16:04 | INFO     | exchanges.hyperliquid_ws | price:@7 = 0.00
2026-05-08 00:16:04 | INFO     | exchanges.hyperliquid_ws | price:@70 = 0.02
2026-05-08 00:16:04 | INFO     | exchanges.hyperliquid_ws | price:@71 = 1.00
2026-05-08 00:16:04 | INFO     | exchanges.hyperliquid_ws | price:@72 = 1.57
2026-05-08 00:16:04 | INFO     | exchanges.hyperliquid_ws | price:@73 = 0.06
2026-05-08 00:16:04 | INFO     | exchanges.hyperliquid_ws | price:@74 = 0.00
2026-05-08 00:16:04 | INFO     | exchanges.hyperliquid_ws | price:@75 = 0.15
2026-05-08 00:16:04 | INFO     | exchanges.hyperliquid_ws | price:@76 = 0.01
2026-05-08 00:16:04 | INFO     | exchanges.hyperliquid_ws | price:@77 = 0.00
2026-05-08 00:16:04 | INFO     | exchanges.hyperliquid_ws | price:@78 = 0.11
2026-05-08 00:16:04 | INFO     | exchanges.hyperliquid_ws | price:@79 = 0.07
2026-05-08 00:16:04 | INFO     | exchanges.hyperliquid_ws | price:@8 = 0.00
2026-05-08 00:16:04 | INFO     | exchanges.hyperliquid_ws | price:@80 = 0.00
2026-05-08 00:16:04 | INFO     | exchanges.hyperliquid_ws | price:@81 = 0.00
2026-05-08 00:16:04 | INFO     | exchanges.hyperliquid_ws | price:@82 = 0.04
2026-05-08 00:16:04 | INFO     | exchanges.hyperliquid_ws | price:@83 = 0.03
2026-05-08 00:16:04 | INFO     | exchanges.hyperliquid_ws | price:@84 = 0.04
2026-05-08 00:16:04 | INFO     | exchanges.hyperliquid_ws | price:@85 = 2.45
2026-05-08 00:16:04 | INFO     | exchanges.hyperliquid_ws | price:@86 = 0.05
2026-05-08 00:16:04 | INFO     | exchanges.hyperliquid_ws | price:@87 = 0.08
2026-05-08 00:16:04 | INFO     | exchanges.hyperliquid_ws | price:@88 = 0.00
2026-05-08 00:16:04 | INFO     | exchanges.hyperliquid_ws | price:@89 = 0.09
2026-05-08 00:16:04 | INFO     | exchanges.hyperliquid_ws | price:@9 = 0.00
2026-05-08 00:16:04 | INFO     | exchanges.hyperliquid_ws | price:@90 = 0.01
2026-05-08 00:16:04 | INFO     | exchanges.hyperliquid_ws | price:@91 = 0.01
2026-05-08 00:16:04 | INFO     | exchanges.hyperliquid_ws | price:@92 = 0.13
2026-05-08 00:16:04 | INFO     | exchanges.hyperliquid_ws | price:@93 = 0.00
2026-05-08 00:16:04 | INFO     | exchanges.hyperliquid_ws | price:@94 = 0.07
2026-05-08 00:16:04 | INFO     | exchanges.hyperliquid_ws | price:@95 = 0.00
2026-05-08 00:16:04 | INFO     | exchanges.hyperliquid_ws | price:@96 = 0.02
2026-05-08 00:16:04 | INFO     | exchanges.hyperliquid_ws | price:@97 = 0.08
2026-05-08 00:16:04 | INFO     | exchanges.hyperliquid_ws | price:@98 = 1.00
2026-05-08 00:16:04 | INFO     | exchanges.hyperliquid_ws | price:@99 = 0.02
2026-05-08 00:16:04 | INFO     | exchanges.hyperliquid_ws | price:AAVE = 92.39
2026-05-08 00:16:04 | INFO     | exchanges.hyperliquid_ws | price:ACE = 0.13
2026-05-08 00:16:04 | INFO     | exchanges.hyperliquid_ws | price:ADA = 0.26
2026-05-08 00:16:04 | INFO     | exchanges.hyperliquid_ws | price:AERO = 0.45
2026-05-08 00:16:04 | INFO     | exchanges.hyperliquid_ws | price:AI = 0.13
2026-05-08 00:16:04 | INFO     | exchanges.hyperliquid_ws | price:AI16Z = 0.06
2026-05-08 00:16:04 | INFO     | exchanges.hyperliquid_ws | price:AIXBT = 0.03
2026-05-08 00:16:04 | INFO     | exchanges.hyperliquid_ws | price:ALGO = 0.13
2026-05-08 00:16:04 | INFO     | exchanges.hyperliquid_ws | price:ALT = 0.01
2026-05-08 00:16:04 | INFO     | exchanges.hyperliquid_ws | price:ANIME = 0.00
2026-05-08 00:16:04 | INFO     | exchanges.hyperliquid_ws | price:APE = 0.16
2026-05-08 00:16:04 | INFO     | exchanges.hyperliquid_ws | price:APEX = 0.29
2026-05-08 00:16:04 | INFO     | exchanges.hyperliquid_ws | price:APT = 1.02
2026-05-08 00:16:04 | INFO     | exchanges.hyperliquid_ws | price:AR = 2.43
2026-05-08 00:16:04 | INFO     | exchanges.hyperliquid_ws | price:ARB = 0.13
2026-05-08 00:16:04 | INFO     | exchanges.hyperliquid_ws | price:ARK = 0.18
2026-05-08 00:16:04 | INFO     | exchanges.hyperliquid_ws | price:ASTER = 0.66
2026-05-08 00:16:04 | INFO     | exchanges.hyperliquid_ws | price:ATOM = 1.88
2026-05-08 00:16:04 | INFO     | exchanges.hyperliquid_ws | price:AVAX = 9.48
2026-05-08 00:16:04 | INFO     | exchanges.hyperliquid_ws | price:AVNT = 0.16
2026-05-08 00:16:04 | INFO     | exchanges.hyperliquid_ws | price:AXS = 1.37
2026-05-08 00:16:04 | INFO     | exchanges.hyperliquid_ws | price:AZTEC = 0.02
2026-05-08 00:16:04 | INFO     | exchanges.hyperliquid_ws | price:BABY = 0.02
2026-05-08 00:16:04 | INFO     | exchanges.hyperliquid_ws | price:BADGER = 0.89
2026-05-08 00:16:04 | INFO     | exchanges.hyperliquid_ws | price:BANANA = 4.26
2026-05-08 00:16:04 | INFO     | exchanges.hyperliquid_ws | price:BCH = 450.17
2026-05-08 00:16:04 | INFO     | exchanges.hyperliquid_ws | price:BERA = 0.38
2026-05-08 00:16:04 | INFO     | exchanges.hyperliquid_ws | price:BIGTIME = 0.01
2026-05-08 00:16:04 | INFO     | exchanges.hyperliquid_ws | price:BIO = 0.05
2026-05-08 00:16:04 | INFO     | exchanges.hyperliquid_ws | price:BLAST = 0.00
2026-05-08 00:16:04 | INFO     | exchanges.hyperliquid_ws | price:BLUR = 0.03
2026-05-08 00:16:04 | INFO     | exchanges.hyperliquid_ws | price:BLZ = 0.07
2026-05-08 00:16:04 | INFO     | exchanges.hyperliquid_ws | price:BNB = 636.10
2026-05-08 00:16:04 | INFO     | exchanges.hyperliquid_ws | price:BNT = 0.38
2026-05-08 00:16:04 | INFO     | exchanges.hyperliquid_ws | price:BOME = 0.00
2026-05-08 00:16:04 | INFO     | exchanges.hyperliquid_ws | price:BRETT = 0.01
2026-05-08 00:16:04 | INFO     | exchanges.hyperliquid_ws | price:BSV = 15.97
2026-05-08 00:16:04 | INFO     | exchanges.hyperliquid_ws | price:BTC = 79952.50
2026-05-08 00:16:04 | INFO     | exchanges.hyperliquid_ws | price:CAKE = 1.51
2026-05-08 00:16:04 | INFO     | exchanges.hyperliquid_ws | price:CANTO = 0.07
2026-05-08 00:16:04 | INFO     | exchanges.hyperliquid_ws | price:CATI = 0.08
2026-05-08 00:16:04 | INFO     | exchanges.hyperliquid_ws | price:CC = 0.14
2026-05-08 00:16:04 | INFO     | exchanges.hyperliquid_ws | price:CELO = 0.09
2026-05-08 00:16:04 | INFO     | exchanges.hyperliquid_ws | price:CFX = 0.06
2026-05-08 00:16:04 | INFO     | exchanges.hyperliquid_ws | price:CHILLGUY = 0.02
2026-05-08 00:16:04 | INFO     | exchanges.hyperliquid_ws | price:CHIP = 0.06
2026-05-08 00:16:04 | INFO     | exchanges.hyperliquid_ws | price:COMP = 22.87
2026-05-08 00:16:04 | INFO     | exchanges.hyperliquid_ws | price:CRV = 0.24
2026-05-08 00:16:04 | INFO     | exchanges.hyperliquid_ws | price:CYBER = 1.04
2026-05-08 00:16:04 | INFO     | exchanges.hyperliquid_ws | price:DASH = 51.40
2026-05-08 00:16:04 | INFO     | exchanges.hyperliquid_ws | price:DOGE = 0.11
2026-05-08 00:16:04 | INFO     | exchanges.hyperliquid_ws | price:DOOD = 0.00
2026-05-08 00:16:04 | INFO     | exchanges.hyperliquid_ws | price:DOT = 1.31
2026-05-08 00:16:04 | INFO     | exchanges.hyperliquid_ws | price:DYDX = 0.20
2026-05-08 00:16:04 | INFO     | exchanges.hyperliquid_ws | price:DYM = 0.02
2026-05-08 00:16:04 | INFO     | exchanges.hyperliquid_ws | price:EIGEN = 0.19
2026-05-08 00:16:04 | INFO     | exchanges.hyperliquid_ws | price:ENA = 0.12
2026-05-08 00:16:04 | INFO     | exchanges.hyperliquid_ws | price:ENS = 6.41
2026-05-08 00:16:04 | INFO     | exchanges.hyperliquid_ws | price:ETC = 9.21
2026-05-08 00:16:04 | INFO     | exchanges.hyperliquid_ws | price:ETH = 2290.05
2026-05-08 00:16:04 | INFO     | exchanges.hyperliquid_ws | price:ETHFI = 0.43
2026-05-08 00:16:04 | INFO     | exchanges.hyperliquid_ws | price:FARTCOIN = 0.24
2026-05-08 00:16:04 | INFO     | exchanges.hyperliquid_ws | price:FET = 0.22
2026-05-08 00:16:04 | INFO     | exchanges.hyperliquid_ws | price:FIL = 1.08
2026-05-08 00:16:04 | INFO     | exchanges.hyperliquid_ws | price:FOGO = 0.02
2026-05-08 00:16:04 | INFO     | exchanges.hyperliquid_ws | price:FRIEND = 4.72
2026-05-08 00:16:04 | INFO     | exchanges.hyperliquid_ws | price:FTM = 0.72
2026-05-08 00:16:04 | INFO     | exchanges.hyperliquid_ws | price:FTT = 0.32
2026-05-08 00:16:04 | INFO     | exchanges.hyperliquid_ws | price:FXS = 0.66
2026-05-08 00:16:04 | INFO     | exchanges.hyperliquid_ws | price:GALA = 0.00
2026-05-08 00:16:04 | INFO     | exchanges.hyperliquid_ws | price:GAS = 1.66
2026-05-08 00:16:04 | INFO     | exchanges.hyperliquid_ws | price:GMT = 0.01
2026-05-08 00:16:04 | INFO     | exchanges.hyperliquid_ws | price:GMX = 7.19
2026-05-08 00:16:04 | INFO     | exchanges.hyperliquid_ws | price:GOAT = 0.02
2026-05-08 00:16:04 | INFO     | exchanges.hyperliquid_ws | price:GRASS = 0.37
2026-05-08 00:16:04 | INFO     | exchanges.hyperliquid_ws | price:GRIFFAIN = 0.01
2026-05-08 00:16:04 | INFO     | exchanges.hyperliquid_ws | price:HBAR = 0.09
2026-05-08 00:16:04 | INFO     | exchanges.hyperliquid_ws | price:HEMI = 0.01
2026-05-08 00:16:04 | INFO     | exchanges.hyperliquid_ws | price:HMSTR = 0.00
2026-05-08 00:16:04 | INFO     | exchanges.hyperliquid_ws | price:HPOS = 0.04
2026-05-08 00:16:04 | INFO     | exchanges.hyperliquid_ws | price:HYPE = 42.54
2026-05-08 00:16:04 | INFO     | exchanges.hyperliquid_ws | price:HYPER = 0.11
2026-05-08 00:16:04 | INFO     | exchanges.hyperliquid_ws | price:ICP = 3.03
2026-05-08 00:16:04 | INFO     | exchanges.hyperliquid_ws | price:ILV = 12.12
2026-05-08 00:16:04 | INFO     | exchanges.hyperliquid_ws | price:IMX = 0.17
2026-05-08 00:16:04 | INFO     | exchanges.hyperliquid_ws | price:INIT = 0.11
2026-05-08 00:16:04 | INFO     | exchanges.hyperliquid_ws | price:INJ = 3.84
2026-05-08 00:16:04 | INFO     | exchanges.hyperliquid_ws | price:IO = 0.16
2026-05-08 00:16:04 | INFO     | exchanges.hyperliquid_ws | price:IOTA = 0.06
2026-05-08 00:16:04 | INFO     | exchanges.hyperliquid_ws | price:IP = 0.55
2026-05-08 00:16:04 | INFO     | exchanges.hyperliquid_ws | price:JELLY = 0.04
2026-05-08 00:16:04 | INFO     | exchanges.hyperliquid_ws | price:JTO = 0.60
2026-05-08 00:16:04 | INFO     | exchanges.hyperliquid_ws | price:JUP = 0.21
2026-05-08 00:16:04 | INFO     | exchanges.hyperliquid_ws | price:KAITO = 0.51
2026-05-08 00:16:04 | INFO     | exchanges.hyperliquid_ws | price:KAS = 0.04
2026-05-08 00:16:04 | INFO     | exchanges.hyperliquid_ws | price:LAUNCHCOIN = 0.06
2026-05-08 00:16:04 | INFO     | exchanges.hyperliquid_ws | price:LAYER = 0.09
2026-05-08 00:16:04 | INFO     | exchanges.hyperliquid_ws | price:LDO = 0.38
2026-05-08 00:16:04 | INFO     | exchanges.hyperliquid_ws | price:LINEA = 0.00
2026-05-08 00:16:04 | INFO     | exchanges.hyperliquid_ws | price:LINK = 9.84
2026-05-08 00:16:04 | INFO     | exchanges.hyperliquid_ws | price:LISTA = 0.12
2026-05-08 00:16:04 | INFO     | exchanges.hyperliquid_ws | price:LIT = 0.99
2026-05-08 00:16:04 | INFO     | exchanges.hyperliquid_ws | price:LOOM = 0.07
2026-05-08 00:16:04 | INFO     | exchanges.hyperliquid_ws | price:LTC = 56.45
2026-05-08 00:16:04 | INFO     | exchanges.hyperliquid_ws | price:MANTA = 0.07
2026-05-08 00:16:04 | INFO     | exchanges.hyperliquid_ws | price:MATIC = 0.38
2026-05-08 00:16:04 | INFO     | exchanges.hyperliquid_ws | price:MAV = 0.02
2026-05-08 00:16:04 | INFO     | exchanges.hyperliquid_ws | price:MAVIA = 0.04
2026-05-08 00:16:04 | INFO     | exchanges.hyperliquid_ws | price:ME = 0.11
2026-05-08 00:16:04 | INFO     | exchanges.hyperliquid_ws | price:MEGA = 0.12
2026-05-08 00:16:04 | INFO     | exchanges.hyperliquid_ws | price:MELANIA = 0.11
2026-05-08 00:16:04 | INFO     | exchanges.hyperliquid_ws | price:MEME = 0.00
2026-05-08 00:16:04 | INFO     | exchanges.hyperliquid_ws | price:MERL = 0.04
2026-05-08 00:16:04 | INFO     | exchanges.hyperliquid_ws | price:MET = 0.17
2026-05-08 00:16:04 | INFO     | exchanges.hyperliquid_ws | price:MEW = 0.00
2026-05-08 00:16:04 | INFO     | exchanges.hyperliquid_ws | price:MINA = 0.06
2026-05-08 00:16:04 | INFO     | exchanges.hyperliquid_ws | price:MKR = 1831.50
2026-05-08 00:16:04 | INFO     | exchanges.hyperliquid_ws | price:MNT = 0.66
2026-05-08 00:16:04 | INFO     | exchanges.hyperliquid_ws | price:MON = 0.03
2026-05-08 00:16:04 | INFO     | exchanges.hyperliquid_ws | price:MOODENG = 0.06
2026-05-08 00:16:04 | INFO     | exchanges.hyperliquid_ws | price:MORPHO = 2.10
2026-05-08 00:16:04 | INFO     | exchanges.hyperliquid_ws | price:MOVE = 0.02
2026-05-08 00:16:04 | INFO     | exchanges.hyperliquid_ws | price:MYRO = 0.02
2026-05-08 00:16:04 | INFO     | exchanges.hyperliquid_ws | price:NEAR = 1.47
2026-05-08 00:16:04 | INFO     | exchanges.hyperliquid_ws | price:NEIROETH = 0.02
2026-05-08 00:16:04 | INFO     | exchanges.hyperliquid_ws | price:NEO = 2.93
2026-05-08 00:16:04 | INFO     | exchanges.hyperliquid_ws | price:NFTI = 6.56
2026-05-08 00:16:04 | INFO     | exchanges.hyperliquid_ws | price:NIL = 0.10
2026-05-08 00:16:04 | INFO     | exchanges.hyperliquid_ws | price:NOT = 0.00
2026-05-08 00:16:04 | INFO     | exchanges.hyperliquid_ws | price:NTRN = 0.12
2026-05-08 00:16:04 | INFO     | exchanges.hyperliquid_ws | price:NXPC = 0.33
2026-05-08 00:16:04 | INFO     | exchanges.hyperliquid_ws | price:OGN = 0.06
2026-05-08 00:16:04 | INFO     | exchanges.hyperliquid_ws | price:OM = 0.07
2026-05-08 00:16:04 | INFO     | exchanges.hyperliquid_ws | price:OMNI = 4.19
2026-05-08 00:16:04 | INFO     | exchanges.hyperliquid_ws | price:ONDO = 0.35
2026-05-08 00:16:04 | INFO     | exchanges.hyperliquid_ws | price:OP = 0.15
2026-05-08 00:16:04 | INFO     | exchanges.hyperliquid_ws | price:ORBS = 0.02
2026-05-08 00:16:04 | INFO     | exchanges.hyperliquid_ws | price:ORDI = 5.11
2026-05-08 00:16:04 | INFO     | exchanges.hyperliquid_ws | price:OX = 0.01
2026-05-08 00:16:04 | INFO     | exchanges.hyperliquid_ws | price:PANDORA = 3026.30
2026-05-08 00:16:04 | INFO     | exchanges.hyperliquid_ws | price:PAXG = 4684.25
2026-05-08 00:16:04 | INFO     | exchanges.hyperliquid_ws | price:PENDLE = 1.87
2026-05-08 00:16:04 | INFO     | exchanges.hyperliquid_ws | price:PENGU = 0.01
2026-05-08 00:16:04 | INFO     | exchanges.hyperliquid_ws | price:PEOPLE = 0.01
2026-05-08 00:16:04 | INFO     | exchanges.hyperliquid_ws | price:PIXEL = 0.02
2026-05-08 00:16:04 | INFO     | exchanges.hyperliquid_ws | price:PNUT = 0.06
2026-05-08 00:16:04 | INFO     | exchanges.hyperliquid_ws | price:POL = 0.10
2026-05-08 00:16:04 | INFO     | exchanges.hyperliquid_ws | price:POLYX = 0.05
2026-05-08 00:16:04 | INFO     | exchanges.hyperliquid_ws | price:POPCAT = 0.07
2026-05-08 00:16:04 | INFO     | exchanges.hyperliquid_ws | price:PROMPT = 0.04
2026-05-08 00:16:04 | INFO     | exchanges.hyperliquid_ws | price:PROVE = 0.27
2026-05-08 00:16:04 | INFO     | exchanges.hyperliquid_ws | price:PUMP = 0.00
2026-05-08 00:16:04 | INFO     | exchanges.hyperliquid_ws | price:PURR = 0.07
2026-05-08 00:16:04 | INFO     | exchanges.hyperliquid_ws | price:PURR/USDC = 0.07
2026-05-08 00:16:04 | INFO     | exchanges.hyperliquid_ws | price:PYTH = 0.05
2026-05-08 00:16:04 | INFO     | exchanges.hyperliquid_ws | price:RDNT = 0.02
2026-05-08 00:16:04 | INFO     | exchanges.hyperliquid_ws | price:RENDER = 1.94
2026-05-08 00:16:04 | INFO     | exchanges.hyperliquid_ws | price:REQ = 0.15
2026-05-08 00:16:04 | INFO     | exchanges.hyperliquid_ws | price:RESOLV = 0.03
2026-05-08 00:16:04 | INFO     | exchanges.hyperliquid_ws | price:REZ = 0.01
2026-05-08 00:16:04 | INFO     | exchanges.hyperliquid_ws | price:RLB = 0.07
2026-05-08 00:16:04 | INFO     | exchanges.hyperliquid_ws | price:RNDR = 6.90
2026-05-08 00:16:04 | INFO     | exchanges.hyperliquid_ws | price:RSR = 0.00
2026-05-08 00:16:04 | INFO     | exchanges.hyperliquid_ws | price:RUNE = 0.56
2026-05-08 00:16:04 | INFO     | exchanges.hyperliquid_ws | price:S = 0.05
2026-05-08 00:16:04 | INFO     | exchanges.hyperliquid_ws | price:SAGA = 0.02
2026-05-08 00:16:04 | INFO     | exchanges.hyperliquid_ws | price:SAND = 0.08
2026-05-08 00:16:04 | INFO     | exchanges.hyperliquid_ws | price:SCR = 0.05
2026-05-08 00:16:04 | INFO     | exchanges.hyperliquid_ws | price:SEI = 0.06
2026-05-08 00:16:04 | INFO     | exchanges.hyperliquid_ws | price:SHIA = 0.00
2026-05-08 00:16:04 | INFO     | exchanges.hyperliquid_ws | price:SKR = 0.02
2026-05-08 00:16:04 | INFO     | exchanges.hyperliquid_ws | price:SKY = 0.08
2026-05-08 00:16:04 | INFO     | exchanges.hyperliquid_ws | price:SNX = 0.34
2026-05-08 00:16:04 | INFO     | exchanges.hyperliquid_ws | price:SOL = 88.22
2026-05-08 00:16:04 | INFO     | exchanges.hyperliquid_ws | price:SOPH = 0.01
2026-05-08 00:16:04 | INFO     | exchanges.hyperliquid_ws | price:SPX = 0.41
2026-05-08 00:16:04 | INFO     | exchanges.hyperliquid_ws | price:STABLE = 0.03
2026-05-08 00:16:04 | INFO     | exchanges.hyperliquid_ws | price:STBL = 0.04
2026-05-08 00:16:04 | INFO     | exchanges.hyperliquid_ws | price:STG = 0.15
2026-05-08 00:16:04 | INFO     | exchanges.hyperliquid_ws | price:STRAX = 1.58
2026-05-08 00:16:04 | INFO     | exchanges.hyperliquid_ws | price:STRK = 0.05
2026-05-08 00:16:04 | INFO     | exchanges.hyperliquid_ws | price:STX = 0.25
2026-05-08 00:16:04 | INFO     | exchanges.hyperliquid_ws | price:SUI = 0.97
2026-05-08 00:16:04 | INFO     | exchanges.hyperliquid_ws | price:SUPER = 0.13
2026-05-08 00:16:04 | INFO     | exchanges.hyperliquid_ws | price:SUSHI = 0.23
2026-05-08 00:16:04 | INFO     | exchanges.hyperliquid_ws | price:SYRUP = 0.24
2026-05-08 00:16:04 | INFO     | exchanges.hyperliquid_ws | price:TAO = 300.98
2026-05-08 00:16:04 | INFO     | exchanges.hyperliquid_ws | price:TIA = 0.39
2026-05-08 00:16:04 | INFO     | exchanges.hyperliquid_ws | price:TNSR = 0.04
2026-05-08 00:16:04 | INFO     | exchanges.hyperliquid_ws | price:TON = 2.70
2026-05-08 00:16:04 | INFO     | exchanges.hyperliquid_ws | price:TRB = 19.73
2026-05-08 00:16:04 | INFO     | exchanges.hyperliquid_ws | price:TRUMP = 2.37
2026-05-08 00:16:04 | INFO     | exchanges.hyperliquid_ws | price:TRX = 0.35
2026-05-08 00:16:04 | INFO     | exchanges.hyperliquid_ws | price:TST = 0.03
2026-05-08 00:16:04 | INFO     | exchanges.hyperliquid_ws | price:TURBO = 0.00
2026-05-08 00:16:04 | INFO     | exchanges.hyperliquid_ws | price:UMA = 0.50
2026-05-08 00:16:04 | INFO     | exchanges.hyperliquid_ws | price:UNI = 3.42
2026-05-08 00:16:04 | INFO     | exchanges.hyperliquid_ws | price:UNIBOT = 7.64
2026-05-08 00:16:04 | INFO     | exchanges.hyperliquid_ws | price:USTC = 0.01
2026-05-08 00:16:04 | INFO     | exchanges.hyperliquid_ws | price:USUAL = 0.02
2026-05-08 00:16:04 | INFO     | exchanges.hyperliquid_ws | price:VINE = 0.02
2026-05-08 00:16:04 | INFO     | exchanges.hyperliquid_ws | price:VIRTUAL = 0.91
2026-05-08 00:16:04 | INFO     | exchanges.hyperliquid_ws | price:VVV = 12.49
2026-05-08 00:16:04 | INFO     | exchanges.hyperliquid_ws | price:W = 0.01
2026-05-08 00:16:04 | INFO     | exchanges.hyperliquid_ws | price:WCT = 0.07
2026-05-08 00:16:04 | INFO     | exchanges.hyperliquid_ws | price:WIF = 0.22
2026-05-08 00:16:04 | INFO     | exchanges.hyperliquid_ws | price:WLD = 0.25
2026-05-08 00:16:04 | INFO     | exchanges.hyperliquid_ws | price:WLFI = 0.07
2026-05-08 00:16:04 | INFO     | exchanges.hyperliquid_ws | price:XAI = 0.01
2026-05-08 00:16:04 | INFO     | exchanges.hyperliquid_ws | price:XLM = 0.16
2026-05-08 00:16:04 | INFO     | exchanges.hyperliquid_ws | price:XMR = 397.94
2026-05-08 00:16:04 | INFO     | exchanges.hyperliquid_ws | price:XPL = 0.11
2026-05-08 00:16:04 | INFO     | exchanges.hyperliquid_ws | price:XRP = 1.39
2026-05-08 00:16:04 | INFO     | exchanges.hyperliquid_ws | price:YGG = 0.04
2026-05-08 00:16:04 | INFO     | exchanges.hyperliquid_ws | price:YZY = 0.31
2026-05-08 00:16:04 | INFO     | exchanges.hyperliquid_ws | price:ZEC = 569.70
2026-05-08 00:16:04 | INFO     | exchanges.hyperliquid_ws | price:ZEN = 7.04
2026-05-08 00:16:04 | INFO     | exchanges.hyperliquid_ws | price:ZEREBRO = 0.03
2026-05-08 00:16:04 | INFO     | exchanges.hyperliquid_ws | price:ZETA = 0.06
2026-05-08 00:16:04 | INFO     | exchanges.hyperliquid_ws | price:ZK = 0.02
2026-05-08 00:16:04 | INFO     | exchanges.hyperliquid_ws | price:ZORA = 0.01
2026-05-08 00:16:04 | INFO     | exchanges.hyperliquid_ws | price:ZRO = 1.50
2026-05-08 00:16:04 | INFO     | exchanges.hyperliquid_ws | price:kBONK = 0.01
2026-05-08 00:16:04 | INFO     | exchanges.hyperliquid_ws | price:kDOGS = 0.14
2026-05-08 00:16:04 | INFO     | exchanges.hyperliquid_ws | price:kFLOKI = 0.03
2026-05-08 00:16:04 | INFO     | exchanges.hyperliquid_ws | price:kLUNC = 0.09
2026-05-08 00:16:04 | INFO     | exchanges.hyperliquid_ws | price:kNEIRO = 0.10
2026-05-08 00:16:04 | INFO     | exchanges.hyperliquid_ws | price:kPEPE = 0.00
2026-05-08 00:16:04 | INFO     | exchanges.hyperliquid_ws | price:kSHIB = 0.01
2026-05-08 00:16:04 | INFO     | exchanges.hyperliquid_ws | ctx:BTC funding=0.000013 oi=31375.99
2026-05-08 00:16:04 | INFO     | exchanges.hyperliquid_ws | ctx:ETH funding=0.000013 oi=555349.92
2026-05-08 00:16:04 | INFO     | exchanges.hyperliquid_ws | ctx:SOL funding=-0.000009 oi=3684586.06
2026-05-08 00:16:04 | INFO     | data.candle_builder | CandleBuilder received price: BTC = 79952.50
2026-05-08 00:16:04 | INFO     | core.engine | Processing market event for BTC
2026-05-08 00:16:04 | ERROR    | asyncio | Task exception was never retrieved
future: <Task finished name='Task-419174' coro=<TradingEngine._make_price_callback.<locals>._on_price() done, defined at C:\Users\Braindead\Documents\trading-bot-hyperliquid\src\core\engine.py:387> exception=NameError("name 'liq_notional' is not defined")>
Traceback (most recent call last):
  File "C:\Users\Braindead\Documents\trading-bot-hyperliquid\src\core\engine.py", line 389, in _on_price
    await self._on_market_event(symbol)
  File "C:\Users\Braindead\Documents\trading-bot-hyperliquid\src\core\engine.py", line 451, in _on_market_event
    event = self._build_market_event(symbol)
  File "C:\Users\Braindead\Documents\trading-bot-hyperliquid\src\core\engine.py", line 631, in _build_market_event
    orderbook_largest_ask_wall=ob.largest_ask_wall_price if ob else None,
                            ^^^^^^^^^^^^
NameError: name 'liq_notional' is not defined
2026-05-08 00:16:04 | INFO     | core.engine | Processing market event for ETH
2026-05-08 00:16:04 | ERROR    | asyncio | Task exception was never retrieved
future: <Task finished name='Task-419175' coro=<TradingEngine._make_price_callback.<locals>._on_price() done, defined at C:\Users\Braindead\Documents\trading-bot-hyperliquid\src\core\engine.py:387> exception=NameError("name 'liq_notional' is not defined")>
Traceback (most recent call last):
  File "C:\Users\Braindead\Documents\trading-bot-hyperliquid\src\core\engine.py", line 389, in _on_price
    await self._on_market_event(symbol)
  File "C:\Users\Braindead\Documents\trading-bot-hyperliquid\src\core\engine.py", line 451, in _on_market_event
    event = self._build_market_event(symbol)
  File "C:\Users\Braindead\Documents\trading-bot-hyperliquid\src\core\engine.py", line 631, in _build_market_event
    orderbook_largest_ask_wall=ob.largest_ask_wall_price if ob else None,
                            ^^^^^^^^^^^^
NameError: name 'liq_notional' is not defined
2026-05-08 00:16:04 | INFO     | data.candle_builder | CandleBuilder received price: ETH = 2290.05
2026-05-08 00:16:04 | INFO     | data.candle_builder | CandleBuilder received price: SOL = 88.22
2026-05-08 00:16:04 | INFO     | core.engine | Processing market event for SOL
2026-05-08 00:16:04 | ERROR    | asyncio | Task exception was never retrieved
future: <Task finished name='Task-419178' coro=<TradingEngine._make_price_callback.<locals>._on_price() done, defined at C:\Users\Braindead\Documents\trading-bot-hyperliquid\src\core\engine.py:387> exception=NameError("name 'liq_notional' is not defined")>
Traceback (most recent call last):
  File "C:\Users\Braindead\Documents\trading-bot-hyperliquid\src\core\engine.py", line 389, in _on_price
    await self._on_market_event(symbol)
  File "C:\Users\Braindead\Documents\trading-bot-hyperliquid\src\core\engine.py", line 451, in _on_market_event
    event = self._build_market_event(symbol)
  File "C:\Users\Braindead\Documents\trading-bot-hyperliquid\src\core\engine.py", line 631, in _build_market_event
    orderbook_largest_ask_wall=ob.largest_ask_wall_price if ob else None,
                            ^^^^^^^^^^^^
NameError: name 'liq_notional' is not defined
